[    0.000000] Initializing cgroup subsys cpuset
[    0.000000] Initializing cgroup subsys cpu
[    0.000000] Initializing cgroup subsys cpuacct
[    0.000000] Linux version 4.4.0-174-generic (buildd@lcy01-amd64-027) (gcc version 5.4.0 20160609 (Ubuntu 5.4.0-6ubuntu1~16.04.12) ) #204-Ubuntu SMP Wed Jan 29 06:41:01 UTC 2020 (Ubuntu 4.4.0-174.204-generic 4.4.211)
[    0.000000] Command line: BOOT_IMAGE=/boot/vmlinuz-4.4.0-174-generic root=LABEL=cloudimg-rootfs ro console=tty1 console=ttyS0
[    0.000000] KERNEL supported cpus:
[    0.000000]   Intel GenuineIntel
[    0.000000]   AMD AuthenticAMD
[    0.000000]   Centaur CentaurHauls
[    0.000000] x86/fpu: xstate_offset[2]:  576, xstate_sizes[2]:  256
[    0.000000] x86/fpu: Supporting XSAVE feature 0x01: 'x87 floating point registers'
[    0.000000] x86/fpu: Supporting XSAVE feature 0x02: 'SSE registers'
[    0.000000] x86/fpu: Supporting XSAVE feature 0x04: 'AVX registers'
[    0.000000] x86/fpu: Enabled xstate features 0x7, context size is 832 bytes, using 'standard' format.
[    0.000000] e820: BIOS-provided physical RAM map:
[    0.000000] BIOS-e820: [mem 0x0000000000000000-0x000000000009fbff] usable
[    0.000000] BIOS-e820: [mem 0x000000000009fc00-0x000000000009ffff] reserved
[    0.000000] BIOS-e820: [mem 0x00000000000f0000-0x00000000000fffff] reserved
[    0.000000] BIOS-e820: [mem 0x0000000000100000-0x000000001ffeffff] usable
[    0.000000] BIOS-e820: [mem 0x000000001fff0000-0x000000001fffffff] ACPI data
[    0.000000] BIOS-e820: [mem 0x00000000fec00000-0x00000000fec00fff] reserved
[    0.000000] BIOS-e820: [mem 0x00000000fee00000-0x00000000fee00fff] reserved
[    0.000000] BIOS-e820: [mem 0x00000000fffc0000-0x00000000ffffffff] reserved
[    0.000000] NX (Execute Disable) protection: active
[    0.000000] SMBIOS 2.5 present.
[    0.000000] Hypervisor detected: KVM
[    0.000000] e820: last_pfn = 0x1fff0 max_arch_pfn = 0x400000000
[    0.000000] MTRR: Disabled
[    0.000000] x86/PAT: MTRRs disabled, skipping PAT initialization too.
[    0.000000] CPU MTRRs all blank - virtualized system.
[    0.000000] x86/PAT: Configuration [0-7]: WB  WT  UC- UC  WB  WT  UC- UC  
[    0.000000] found SMP MP-table at [mem 0x0009fff0-0x0009ffff] mapped at [ffff88000009fff0]
[    0.000000] Scanning 1 areas for low memory corruption
[    0.000000] RAMDISK: [mem 0x1e962000-0x1f7e9fff]
[    0.000000] ACPI: Early table checksum verification disabled
[    0.000000] ACPI: RSDP 0x00000000000E0000 000024 (v02 VBOX  )
[    0.000000] ACPI: XSDT 0x000000001FFF0030 00003C (v01 VBOX   VBOXXSDT 00000001 ASL  00000061)
[    0.000000] ACPI: FACP 0x000000001FFF00F0 0000F4 (v04 VBOX   VBOXFACP 00000001 ASL  00000061)
[    0.000000] ACPI: DSDT 0x000000001FFF0470 002325 (v02 VBOX   VBOXBIOS 00000002 INTL 20100528)
[    0.000000] ACPI: FACS 0x000000001FFF0200 000040
[    0.000000] ACPI: FACS 0x000000001FFF0200 000040
[    0.000000] ACPI: APIC 0x000000001FFF0240 00005C (v02 VBOX   VBOXAPIC 00000001 ASL  00000061)
[    0.000000] ACPI: SSDT 0x000000001FFF02A0 0001CC (v01 VBOX   VBOXCPUT 00000002 INTL 20100528)
[    0.000000] No NUMA configuration found
[    0.000000] Faking a node at [mem 0x0000000000000000-0x000000001ffeffff]
[    0.000000] NODE_DATA(0) allocated [mem 0x1ffeb000-0x1ffeffff]
[    0.000000] kvm-clock: Using msrs 4b564d01 and 4b564d00
[    0.000000] kvm-clock: cpu 0, msr 0:1ffe3001, primary cpu clock
[    0.000000] kvm-clock: using sched offset of 3503317404 cycles
[    0.000000] clocksource: kvm-clock: mask: 0xffffffffffffffff max_cycles: 0x1cd42e4dffb, max_idle_ns: 881590591483 ns
[    0.000000] Zone ranges:
[    0.000000]   DMA      [mem 0x0000000000001000-0x0000000000ffffff]
[    0.000000]   DMA32    [mem 0x0000000001000000-0x000000001ffeffff]
[    0.000000]   Normal   empty
[    0.000000]   Device   empty
[    0.000000] Movable zone start for each node
[    0.000000] Early memory node ranges
[    0.000000]   node   0: [mem 0x0000000000001000-0x000000000009efff]
[    0.000000]   node   0: [mem 0x0000000000100000-0x000000001ffeffff]
[    0.000000] Initmem setup node 0 [mem 0x0000000000001000-0x000000001ffeffff]
[    0.000000] ACPI: PM-Timer IO Port: 0x4008
[    0.000000] IOAPIC[0]: apic_id 2, version 32, address 0xfec00000, GSI 0-23
[    0.000000] ACPI: INT_SRC_OVR (bus 0 bus_irq 0 global_irq 2 dfl dfl)
[    0.000000] ACPI: INT_SRC_OVR (bus 0 bus_irq 9 global_irq 9 low level)
[    0.000000] Using ACPI (MADT) for SMP configuration information
[    0.000000] smpboot: Allowing 2 CPUs, 0 hotplug CPUs
[    0.000000] PM: Registered nosave memory: [mem 0x00000000-0x00000fff]
[    0.000000] PM: Registered nosave memory: [mem 0x0009f000-0x0009ffff]
[    0.000000] PM: Registered nosave memory: [mem 0x000a0000-0x000effff]
[    0.000000] PM: Registered nosave memory: [mem 0x000f0000-0x000fffff]
[    0.000000] e820: [mem 0x20000000-0xfebfffff] available for PCI devices
[    0.000000] Booting paravirtualized kernel on KVM
[    0.000000] clocksource: refined-jiffies: mask: 0xffffffff max_cycles: 0xffffffff, max_idle_ns: 7645519600211568 ns
[    0.000000] setup_percpu: NR_CPUS:512 nr_cpumask_bits:512 nr_cpu_ids:2 nr_node_ids:1
[    0.000000] PERCPU: Embedded 33 pages/cpu @ffff88001fc00000 s95448 r8192 d31528 u1048576
[    0.000000] Built 1 zonelists in Node order, mobility grouping on.  Total pages: 128888
[    0.000000] Policy zone: DMA32
[    0.000000] Kernel command line: BOOT_IMAGE=/boot/vmlinuz-4.4.0-174-generic root=LABEL=cloudimg-rootfs ro console=tty1 console=ttyS0
[    0.000000] PID hash table entries: 2048 (order: 2, 16384 bytes)
[    0.000000] Memory: 481592K/523832K available (8626K kernel code, 1336K rwdata, 4032K rodata, 1488K init, 1292K bss, 42240K reserved, 0K cma-reserved)
[    0.000000] SLUB: HWalign=64, Order=0-3, MinObjects=0, CPUs=2, Nodes=1
[    0.000000] Kernel/User page tables isolation: enabled
[    0.000000] Hierarchical RCU implementation.
[    0.000000] 	Build-time adjustment of leaf fanout to 64.
[    0.000000] 	RCU restricting CPUs from NR_CPUS=512 to nr_cpu_ids=2.
[    0.000000] RCU: Adjusting geometry for rcu_fanout_leaf=64, nr_cpu_ids=2
[    0.000000] NR_IRQS:33024 nr_irqs:440 16
[    0.000000] Console: colour VGA+ 80x25
[    0.000000] console [tty1] enabled
[    0.000000] console [ttyS0] enabled
[    0.000000] tsc: Detected 2399.998 MHz processor
[    0.128584] Calibrating delay loop (skipped) preset value.. 4799.99 BogoMIPS (lpj=9599992)
[    0.130160] pid_max: default: 32768 minimum: 301
[    0.131012] ACPI: Core revision 20150930
[    0.132450] ACPI: 2 ACPI AML tables successfully acquired and loaded
[    0.133678] Security Framework initialized
[    0.134422] Yama: becoming mindful.
[    0.135094] AppArmor: AppArmor initialized
[    0.135936] Dentry cache hash table entries: 65536 (order: 7, 524288 bytes)
[    0.137243] Inode-cache hash table entries: 32768 (order: 6, 262144 bytes)
[    0.138491] Mount-cache hash table entries: 1024 (order: 1, 8192 bytes)
[    0.139641] Mountpoint-cache hash table entries: 1024 (order: 1, 8192 bytes)
[    0.140913] Initializing cgroup subsys io
[    0.141971] Initializing cgroup subsys memory
[    0.142799] Initializing cgroup subsys devices
[    0.143880] Initializing cgroup subsys freezer
[    0.145002] Initializing cgroup subsys net_cls
[    0.145915] Initializing cgroup subsys perf_event
[    0.146780] Initializing cgroup subsys net_prio
[    0.147604] Initializing cgroup subsys hugetlb
[    0.148427] Initializing cgroup subsys pids
[    0.150935] mce: CPU supports 0 MCE banks
[    0.151824] Last level iTLB entries: 4KB 64, 2MB 8, 4MB 8
[    0.153270] Last level dTLB entries: 4KB 64, 2MB 0, 4MB 0, 1GB 4
[    0.154304] Spectre V1 : Mitigation: usercopy/swapgs barriers and __user pointer sanitization
[    0.155883] Spectre V2 : Mitigation: Full generic retpoline
[    0.156858] Spectre V2 : Spectre v2 / SpectreRSB mitigation: Filling RSB on context switch
[    0.158364] Speculative Store Bypass: Vulnerable
[    0.159267] MDS: Mitigation: Clear CPU buffers
[    0.162351] Freeing SMP alternatives memory: 36K
[    0.168306] ftrace: allocating 32305 entries in 127 pages
[    0.218624] smpboot: APIC(0) Converting physical 0 to logical package 0
[    0.220597] smpboot: Max logical packages: 1
[    0.221764] x2apic enabled
[    0.222534] Switched APIC routing to physical x2apic.
[    0.224292] ..TIMER: vector=0x30 apic1=0 pin1=2 apic2=-1 pin2=-1
[    0.333507] smpboot: CPU0: Intel(R) Core(TM) i5-8279U CPU @ 2.40GHz (family: 0x6, model: 0x8e, stepping: 0xa)
[    0.335753] Performance Events: unsupported p6 CPU model 142 no PMU driver, software events only.
[    0.346736] KVM setup paravirtual spinlock
[    0.348096] x86: Booting SMP configuration:
[    0.348895] .... node  #0, CPUs:      #1
[    0.349775] kvm-clock: cpu 1, msr 0:1ffe3041, secondary cpu clock
[    0.352165] mce: CPU supports 0 MCE banks
[    0.354712] x86: Booted up 1 node, 2 CPUs
[    0.355904] smpboot: Total of 2 processors activated (9599.99 BogoMIPS)
[    0.358882] devtmpfs: initialized
[    0.360809] evm: security.selinux
[    0.361503] evm: security.SMACK64
[    0.362165] evm: security.SMACK64EXEC
[    0.362881] evm: security.SMACK64TRANSMUTE
[    0.363849] evm: security.SMACK64MMAP
[    0.364569] evm: security.ima
[    0.365175] evm: security.capability
[    0.366188] clocksource: jiffies: mask: 0xffffffff max_cycles: 0xffffffff, max_idle_ns: 7645041785100000 ns
[    0.368218] futex hash table entries: 512 (order: 3, 32768 bytes)
[    0.369690] pinctrl core: initialized pinctrl subsystem
[    0.370734] RTC time: 19:17:00, date: 03/15/20
[    0.371705] NET: Registered protocol family 16
[    0.381846] cpuidle: using governor ladder
[    0.393779] cpuidle: using governor menu
[    0.394766] PCCT header not found.
[    0.395844] ACPI: bus type PCI registered
[    0.396652] acpiphp: ACPI Hot Plug PCI Controller Driver version: 0.5
[    0.397936] PCI: Using configuration type 1 for base access
[    0.410110] ACPI: Added _OSI(Module Device)
[    0.411105] ACPI: Added _OSI(Processor Device)
[    0.412065] ACPI: Added _OSI(3.0 _SCP Extensions)
[    0.413174] ACPI: Added _OSI(Processor Aggregator Device)
[    0.415125] ACPI: Executed 1 blocks of module-level executable AML code
[    0.418053] ACPI: Interpreter enabled
[    0.418787] ACPI: (supports S0 S5)
[    0.419479] ACPI: Using IOAPIC for interrupt routing
[    0.420499] PCI: Using host bridge windows from ACPI; if necessary, use "pci=nocrs" and report a bug
[    0.425863] ACPI: PCI Root Bridge [PCI0] (domain 0000 [bus 00-ff])
[    0.426978] acpi PNP0A03:00: _OSC: OS supports [ASPM ClockPM Segments MSI]
[    0.428411] acpi PNP0A03:00: _OSC: not requesting OS control; OS requires [ExtendedConfig ASPM ClockPM MSI]
[    0.430200] acpi PNP0A03:00: fail to add MMCONFIG information, can't access extended PCI configuration space under this bridge.
[    0.432542] PCI host bridge to bus 0000:00
[    0.433328] pci_bus 0000:00: root bus resource [io  0x0000-0x0cf7 window]
[    0.434552] pci_bus 0000:00: root bus resource [io  0x0d00-0xffff window]
[    0.436108] pci_bus 0000:00: root bus resource [mem 0x000a0000-0x000bffff window]
[    0.437626] pci_bus 0000:00: root bus resource [mem 0x20000000-0xfdffffff window]
[    0.439064] pci_bus 0000:00: root bus resource [bus 00-ff]
[    0.441952] pci 0000:00:01.1: legacy IDE quirk: reg 0x10: [io  0x01f0-0x01f7]
[    0.443209] pci 0000:00:01.1: legacy IDE quirk: reg 0x14: [io  0x03f6]
[    0.444604] pci 0000:00:01.1: legacy IDE quirk: reg 0x18: [io  0x0170-0x0177]
[    0.445919] pci 0000:00:01.1: legacy IDE quirk: reg 0x1c: [io  0x0376]
[    0.463267] pci 0000:00:07.0: quirk: [io  0x4000-0x403f] claimed by PIIX4 ACPI
[    0.464641] pci 0000:00:07.0: quirk: [io  0x4100-0x410f] claimed by PIIX4 SMB
[    0.471449] ACPI: PCI Interrupt Link [LNKA] (IRQs 5 9 10 *11)
[    0.473097] ACPI: PCI Interrupt Link [LNKB] (IRQs 5 9 *10 11)
[    0.475034] ACPI: PCI Interrupt Link [LNKC] (IRQs 5 *9 10 11)
[    0.476384] ACPI: PCI Interrupt Link [LNKD] (IRQs 5 9 10 *11)
[    0.477783] ACPI: Enabled 2 GPEs in block 00 to 07
[    0.479050] vgaarb: setting as boot device: PCI:0000:00:02.0
[    0.480165] vgaarb: device added: PCI:0000:00:02.0,decodes=io+mem,owns=io+mem,locks=none
[    0.481819] vgaarb: loaded
[    0.482542] vgaarb: bridge control possible 0000:00:02.0
[    0.483671] SCSI subsystem initialized
[    0.484509] ACPI: bus type USB registered
[    0.485311] usbcore: registered new interface driver usbfs
[    0.486291] usbcore: registered new interface driver hub
[    0.487300] usbcore: registered new device driver usb
[    0.488396] PCI: Using ACPI for IRQ routing
[    0.489526] NetLabel: Initializing
[    0.490195] NetLabel:  domain hash size = 128
[    0.491163] NetLabel:  protocols = UNLABELED CIPSOv4
[    0.492290] NetLabel:  unlabeled traffic allowed by default
[    0.493911] amd_nb: Cannot enumerate AMD northbridges
[    0.494874] clocksource: Switched to clocksource kvm-clock
[    0.501466] AppArmor: AppArmor Filesystem Enabled
[    0.502424] pnp: PnP ACPI init
[    0.504228] pnp: PnP ACPI: found 3 devices
[    0.512971] clocksource: acpi_pm: mask: 0xffffff max_cycles: 0xffffff, max_idle_ns: 2085701024 ns
[    0.514686] NET: Registered protocol family 2
[    0.515746] TCP established hash table entries: 4096 (order: 3, 32768 bytes)
[    0.516977] TCP bind hash table entries: 4096 (order: 4, 65536 bytes)
[    0.518240] TCP: Hash tables configured (established 4096 bind 4096)
[    0.519573] UDP hash table entries: 256 (order: 1, 8192 bytes)
[    0.520567] UDP-Lite hash table entries: 256 (order: 1, 8192 bytes)
[    0.521989] NET: Registered protocol family 1
[    0.522892] pci 0000:00:00.0: Limiting direct PCI/PCI transfers
[    0.524452] pci 0000:00:01.0: Activating ISA DMA hang workarounds
[    0.526994] Unpacking initramfs...
[    0.716503] Freeing initrd memory: 14880K
[    0.717447] clocksource: tsc: mask: 0xffffffffffffffff max_cycles: 0x229835b7123, max_idle_ns: 440795242976 ns
[    0.719343] platform rtc_cmos: registered platform RTC device (no PNP device found)
[    0.720857] Scanning for low memory corruption every 60 seconds
[    0.722818] audit: initializing netlink subsys (disabled)
[    0.724159] audit: type=2000 audit(1584299826.008:1): initialized
[    0.725535] Initialise system trusted keyring
[    0.726499] HugeTLB registered 2 MB page size, pre-allocated 0 pages
[    0.728619] zbud: loaded
[    0.729446] VFS: Disk quotas dquot_6.6.0
[    0.730217] VFS: Dquot-cache hash table entries: 512 (order 0, 4096 bytes)
[    0.731646] squashfs: version 4.0 (2009/01/31) Phillip Lougher
[    0.732895] fuse init (API version 7.23)
[    0.733890] Key type big_key registered
[    0.734691] Allocating IMA MOK and blacklist keyrings.
[    0.736852] Key type asymmetric registered
[    0.737720] Asymmetric key parser 'x509' registered
[    0.738631] Block layer SCSI generic (bsg) driver version 0.4 loaded (major 249)
[    0.740164] io scheduler noop registered
[    0.740922] io scheduler deadline registered (default)
[    0.741866] io scheduler cfq registered
[    0.742675] pci_hotplug: PCI Hot Plug PCI Core version: 0.5
[    0.743810] pciehp: PCI Express Hot Plug Controller Driver version: 0.4
[    0.745240] ACPI: AC Adapter [AC] (on-line)
[    0.746074] input: Power Button as /devices/LNXSYSTM:00/LNXPWRBN:00/input/input0
[    0.747756] ACPI: Power Button [PWRF]
[    0.748524] input: Sleep Button as /devices/LNXSYSTM:00/LNXSLPBN:00/input/input1
[    0.749919] ACPI: Sleep Button [SLPF]
[    0.750762] GHES: HEST is not enabled!
[    0.751573] ACPI: Battery Slot [BAT0] (battery present)
[    0.752618] Serial: 8250/16550 driver, 32 ports, IRQ sharing enabled
[    0.774342] 00:02: ttyS0 at I/O 0x3f8 (irq = 4, base_baud = 115200) is a 16550A
[    0.778197] Linux agpgart interface v0.103
[    0.780381] loop: module loaded
[    0.781699] scsi host0: ata_piix
[    0.782657] scsi host1: ata_piix
[    0.783900] ata1: PATA max UDMA/33 cmd 0x1f0 ctl 0x3f6 bmdma 0xd000 irq 14
[    0.785100] ata2: PATA max UDMA/33 cmd 0x170 ctl 0x376 bmdma 0xd008 irq 15
[    0.786409] libphy: Fixed MDIO Bus: probed
[    0.787234] tun: Universal TUN/TAP device driver, 1.6
[    0.788372] tun: (C) 1999-2004 Max Krasnyansky <maxk@qualcomm.com>
[    0.789820] PPP generic driver version 2.4.2
[    0.790928] ehci_hcd: USB 2.0 'Enhanced' Host Controller (EHCI) Driver
[    0.792097] ehci-pci: EHCI PCI platform driver
[    0.792937] ehci-platform: EHCI generic platform driver
[    0.793882] ohci_hcd: USB 1.1 'Open' Host Controller (OHCI) Driver
[    0.794965] ohci-pci: OHCI PCI platform driver
[    0.795793] ohci-platform: OHCI generic platform driver
[    0.796730] uhci_hcd: USB Universal Host Controller Interface driver
[    0.797889] i8042: PNP: PS/2 Controller [PNP0303:PS2K,PNP0f03:PS2M] at 0x60,0x64 irq 1,12
[    0.799810] serio: i8042 KBD port at 0x60,0x64 irq 1
[    0.800726] serio: i8042 AUX port at 0x60,0x64 irq 12
[    0.801860] mousedev: PS/2 mouse device common for all mice
[    0.803371] input: AT Translated Set 2 keyboard as /devices/platform/i8042/serio0/input/input2
[    0.805359] rtc_cmos rtc_cmos: rtc core: registered rtc_cmos as rtc0
[    0.806766] rtc_cmos rtc_cmos: alarms up to one day, 114 bytes nvram
[    0.807916] i2c /dev entries driver
[    0.808648] device-mapper: uevent: version 1.0.3
[    0.809575] device-mapper: ioctl: 4.34.0-ioctl (2015-10-28) initialised: dm-devel@redhat.com
[    0.811146] ledtrig-cpu: registered to indicate activity on CPUs
[    0.812609] NET: Registered protocol family 10
[    0.814021] NET: Registered protocol family 17
[    0.814866] Key type dns_resolver registered
[    0.816092] registered taskstats version 1
[    0.816868] Loading compiled-in X.509 certificates
[    0.818260] Loaded X.509 cert 'Build time autogenerated kernel key: 2501974cc66248a18f8fa54aaac948a5171f77fb'
[    0.820246] zswap: loaded using pool lzo/zbud
[    0.823061] Key type trusted registered
[    0.826440] Key type encrypted registered
[    0.827276] AppArmor: AppArmor sha1 policy hashing enabled
[    0.828252] ima: No TPM chip found, activating TPM-bypass!
[    0.829229] ima: Allocated hash algorithm: sha1
[    0.830082] evm: HMAC attrs: 0x1
[    0.831201]   Magic number: 12:842:293
[    0.832279] tty tty26: hash matches
[    0.833078] rtc_cmos rtc_cmos: setting system clock to 2020-03-15 19:17:01 UTC (1584299821)
[    0.834751] BIOS EDD facility v0.16 2004-Jun-25, 0 devices found
[    0.835949] EDD information not available.
[    0.963645] Freeing unused kernel memory: 1488K
[    0.964596] Write protecting the kernel read-only data: 14336k
[    0.966358] Freeing unused kernel memory: 1604K
[    0.967721] Freeing unused kernel memory: 64K
Loading, please wait...
starting version 229
[    0.979379] random: systemd-udevd: uninitialized urandom read (16 bytes read, 3 bits of entropy available)
[    0.979818] random: udevadm: uninitialized urandom read (16 bytes read, 3 bits of entropy available)
[    0.979832] random: udevadm: uninitialized urandom read (16 bytes read, 3 bits of entropy available)
[    0.986209] random: systemd-udevd: uninitialized urandom read (16 bytes read, 3 bits of entropy available)
[    0.987430] random: udevadm: uninitialized urandom read (16 bytes read, 3 bits of entropy available)
[    0.987474] random: udevadm: uninitialized urandom read (16 bytes read, 3 bits of entropy available)
[    0.987632] random: udevadm: uninitialized urandom read (16 bytes read, 3 bits of entropy available)
[    0.987672] random: udevadm: uninitialized urandom read (16 bytes read, 3 bits of entropy available)
[    0.987709] random: udevadm: uninitialized urandom read (16 bytes read, 3 bits of entropy available)
[    0.987745] random: udevadm: uninitialized urandom read (16 bytes read, 3 bits of entropy available)
[    1.025137] e1000: Intel(R) PRO/1000 Network Driver - version 7.3.21-k8-NAPI
[    1.026443] e1000: Copyright (c) 1999-2006 Intel Corporation.
[    1.032317] Fusion MPT base driver 3.04.20
[    1.033361] Copyright (c) 1999-2008 LSI Corporation
[    1.053971] Fusion MPT SPI Host driver 3.04.20
[    1.057670] AVX2 version of gcm_enc/dec engaged.
[    1.058607] AES CTR mode by8 optimization enabled
[    1.271992] input: ImExPS/2 Generic Explorer Mouse as /devices/platform/i8042/serio1/input/input4
[    1.431495] e1000 0000:00:03.0 eth0: (PCI:33MHz:32-bit) 02:8b:bd:82:0d:ad
[    1.432958] e1000 0000:00:03.0 eth0: Intel(R) PRO/1000 Network Connection
[    2.072286] e1000 0000:00:08.0 eth1: (PCI:33MHz:32-bit) 08:00:27:61:62:6e
[    2.073982] e1000 0000:00:08.0 eth1: Intel(R) PRO/1000 Network Connection
[    2.076240] mptbase: ioc0: Initiating bringup
[    2.076522] e1000 0000:00:08.0 enp0s8: renamed from eth1
[    2.088467] e1000 0000:00:03.0 enp0s3: renamed from eth0
[    2.147075] ioc0: LSI53C1030 A0: Capabilities={Initiator}
[    2.309666] scsi host2: ioc0: LSI53C1030 A0, FwRev=00000000h, Ports=1, MaxQ=256, IRQ=20
[    2.428005] scsi 2:0:0:0: Direct-Access     VBOX     HARDDISK         1.0  PQ: 0 ANSI: 5
[    2.430172] scsi target2:0:0: Beginning Domain Validation
[    2.432743] scsi target2:0:0: Domain Validation skipping write tests
[    2.434012] scsi target2:0:0: Ending Domain Validation
[    2.435211] scsi target2:0:0: asynchronous
[    2.436474] scsi 2:0:1:0: Direct-Access     VBOX     HARDDISK         1.0  PQ: 0 ANSI: 5
[    2.445149] scsi target2:0:1: Beginning Domain Validation
[    2.447532] scsi target2:0:1: Domain Validation skipping write tests
[    2.449109] scsi target2:0:1: Ending Domain Validation
[    2.450054] scsi target2:0:1: asynchronous
[    2.455355] sd 2:0:0:0: [sda] 20971520 512-byte logical blocks: (10.7 GB/10.0 GiB)
[    2.455502] sd 2:0:0:0: Attached scsi generic sg0 type 0
[    2.457893] sd 2:0:0:0: [sda] Write Protect is off
[    2.458838] sd 2:0:1:0: Attached scsi generic sg1 type 0
[    2.459873] sd 2:0:1:0: [sdb] 20480 512-byte logical blocks: (10.5 MB/10.0 MiB)
[    2.461323] sd 2:0:0:0: [sda] Incomplete mode parameter data
[    2.462330] sd 2:0:0:0: [sda] Assuming drive cache: write through
[    2.462982] sd 2:0:1:0: [sdb] Write Protect is off
[    2.463046] sd 2:0:1:0: [sdb] Incomplete mode parameter data
[    2.463047] sd 2:0:1:0: [sdb] Assuming drive cache: write through
[    2.468243]  sda: sda1
[    2.469265] sd 2:0:0:0: [sda] Attached SCSI disk
[    2.469722] sd 2:0:1:0: [sdb] Attached SCSI disk
Begin: Loading essential drivers ... [    3.730193] md: linear personality registered for level -1
[    3.734024] md: multipath personality registered for level -4
[    3.737097] md: raid0 personality registered for level 0
[    3.741332] md: raid1 personality registered for level 1
[    3.810902] raid6: sse2x1   gen() 11859 MB/s
[    3.879379] raid6: sse2x1   xor()  9413 MB/s
[    3.947078] raid6: sse2x2   gen() 15641 MB/s
[    4.014925] raid6: sse2x2   xor() 11020 MB/s
[    4.082993] raid6: sse2x4   gen() 18110 MB/s
[    4.151099] raid6: sse2x4   xor() 12259 MB/s
[    4.219127] raid6: avx2x1   gen() 22600 MB/s
[    4.287087] raid6: avx2x2   gen() 29503 MB/s
[    4.355195] raid6: avx2x4   gen() 31221 MB/s
[    4.356196] raid6: using algorithm avx2x4 gen() 31221 MB/s
[    4.357305] raid6: using avx2x2 recovery algorithm
[    4.359517] xor: automatically using best checksumming function:
[    4.399020]    avx       : 27013.000 MB/sec
[    4.401101] async_tx: api initialized (async)
[    4.410956] md: raid6 personality registered for level 6
[    4.412517] md: raid5 personality registered for level 5
[    4.413920] md: raid4 personality registered for level 4
[    4.420289] md: raid10 personality registered for level 10
done.
Begin: Running /scripts/init-premount ... done.
Begin: Mounting root file system ... Begin: Running /scripts/local-top ... done.
Begin: Running /scripts/local-premount ... [    4.447427] Btrfs loaded
Scanning for Btrfs filesystems
done.
Warning: fsck not present, so skipping root file system
[    4.471191] EXT4-fs (sda1): mounted filesystem with ordered data mode. Opts: (null)
done.
Begin: Running /scripts/local-bottom ... done.
Begin: Running /scripts/init-bottom ... done.
[    4.549373] systemd[1]: systemd 229 running in system mode. (+PAM +AUDIT +SELINUX +IMA +APPARMOR +SMACK +SYSVINIT +UTMP +LIBCRYPTSETUP +GCRYPT +GNUTLS +ACL +XZ -LZ4 +SECCOMP +BLKID +ELFUTILS +KMOD -IDN)
[    4.552542] systemd[1]: Detected virtualization oracle.
[    4.553700] systemd[1]: Detected architecture x86-64.

Welcome to [1mUbuntu 16.04.6 LTS[0m!

[    4.557518] systemd[1]: Set hostname to <ubuntu>.
[    4.561067] systemd[1]: Initializing machine ID from random generator.
[    4.562243] systemd[1]: Installed transient /etc/machine-id file.
[    4.828889] systemd[1]: Reached target System Time Synchronized.
[[0;32m  OK  [0m] Reached target System Time Synchronized.
[    4.831037] systemd[1]: Reached target User and Group Name Lookups.
[[0;32m  OK  [0m] Reached target User and Group Name Lookups.
[    4.833397] systemd[1]: Created slice System Slice.
[[0;32m  OK  [0m] Created slice System Slice.
[    4.835596] systemd[1]: Created slice system-serial\x2dgetty.slice.
[[0;32m  OK  [0m] Created slice system-serial\x2dgetty.slice.
[    4.837772] systemd[1]: Reached target Encrypted Volumes.
[[0;32m  OK  [0m] Reached target Encrypted Volumes.
[    4.839762] systemd[1]: Listening on Journal Audit Socket.
[[0;32m  OK  [0m] Listening on Journal Audit Socket.
[    4.842069] systemd[1]: Set up automount Arbitrary Executable File Formats File System Automount Point.
[[0;32m  OK  [0m] Set up automount Arbitrary Executab...ats File System Automount Point.
[    4.845540] systemd[1]: Listening on udev Control Socket.
[[0;32m  OK  [0m] Listening on udev Control Socket.
[    4.847548] systemd[1]: Listening on Syslog Socket.
[[0;32m  OK  [0m] Listening on Syslog Socket.
[    4.849423] systemd[1]: Listening on /dev/initctl Compatibility Named Pipe.
[[0;32m  OK  [0m] Listening on /dev/initctl Compatibility Named Pipe.
[    4.851755] systemd[1]: Listening on Journal Socket (/dev/log).
[[0;32m  OK  [0m] Listening on Journal Socket (/dev/log).
[    4.853723] systemd[1]: Listening on udev Kernel Socket.
[[0;32m  OK  [0m] Listening on udev Kernel Socket.
[    4.856035] systemd[1]: Created slice User and Session Slice.
[[0;32m  OK  [0m] Created slice User and Session Slice.
[    4.858048] systemd[1]: Reached target Slices.
[[0;32m  OK  [0m] Reached target Slices.
[    4.859859] systemd[1]: Reached target Swap.
[[0;32m  OK  [0m] Reached target Swap.
[    4.861499] systemd[1]: Listening on LVM2 poll daemon socket.
[[0;32m  OK  [0m] Listening on LVM2 poll daemon socket.
[    4.863865] systemd[1]: Started Trigger resolvconf update for networkd DNS.
[[0;32m  OK  [0m] Started Trigger resolvconf update for networkd DNS.
[    4.866410] systemd[1]: Listening on LVM2 metadata daemon socket.
[[0;32m  OK  [0m] Listening on LVM2 metadata daemon socket.
[    4.868601] systemd[1]: Started Forward Password Requests to Wall Directory Watch.
[[0;32m  OK  [0m] Started Forward Password Requests to Wall Directory Watch.
[    4.871393] systemd[1]: Listening on Device-mapper event daemon FIFOs.
[[0;32m  OK  [0m] Listening on Device-mapper event daemon FIFOs.
[    4.873527] systemd[1]: Listening on Journal Socket.
[[0;32m  OK  [0m] Listening on Journal Socket.
[    4.887673] systemd[1]: Starting Remount Root and Kernel File Systems...
         Starting Remount Root and Kernel File Systems...
[    4.892683] systemd[1]: Starting Journal Service...
         Starting Journal Service...
[    4.895431] systemd[1]: Starting Set console keymap...
         Starting Set con[    4.897149] EXT4-fs (sda1): re-mounted. Opts: (null)
sole keymap...
[    4.900300] systemd[1]: Starting Nameserver information manager...
         Starting Nameserver information manager...
[    4.903114] systemd[1]: Mounting Huge Pages File System...
         Mounting Huge Pages File System...
[    4.906205] systemd[1]: Mounting Debug File System...
         Mounting Debug File System...
[    4.910157] systemd[1]: Starting Load Kernel Modules...
         Starting Load Kernel Modules...
[    4.913314] systemd[1]: Starting Monitoring of LVM2 mirrors, snapshots etc. using dmeventd or progress polling...
         Starting Monitoring of LVM2 mirrors... dmeventd or progress polling...
[    4.921488] systemd[1]: Starting Create list of required static device nodes for the current kernel...
[    4.925510] Loading iSCSI transport class v2.0-870.
         Starting Create list of required st... nodes for the current kernel...
[    4.929213] systemd[1]: Starting Uncomplicated firewall...
         Starting Uncomplicated firewall...
[    4.932119] systemd[1]: Mounting POSIX Message Queue File System...
         Mounting POSIX Message Queue File System...
[    4.936419] systemd[1]: Mounted Debug File System.
[[0;32m  OK  [0m] Mounted Debug File System.
[    4.938197] systemd[1]: Mounted Huge Pages File System.
[[0;32m  OK  [0m] Mounted Huge Pages File System.
[    4.940551] systemd[1]: Started Remount Root and Kernel File Systems.
[[0;32m  OK  [0m] Started Remount Root and Kernel File Systems.
[    4.944336] iscsi: registered transport (tcp)
[    4.946247] systemd[1]: Started Create list of required static device nodes for the current kernel.
[[0;32m  OK  [0m] Started Create list of required sta...ce nodes for the current kernel.
[    4.949717] systemd[1]: Started Uncomplicated firewall.
[[0;32m  OK  [0m] Started Uncomplicated firewall.
[    4.959293] systemd[1]: Mounted POSIX Message Queue File System.
[[0;32m  OK  [0m] Mounted POSIX Message Queue File System.
[    4.971171] systemd[1]: Started Nameserver information manager.
[[0;32m  OK  [0m] Started Nameserver information manager.
[    4.974733] systemd[1]: Started Set console keymap.
[[0;32m  OK  [0m] Started Set console keymap.
[    4.977445] iscsi: registered transport (iser)
[    4.978606] systemd[1]: Started Journal Service.
[[0;32m  OK  [0m] Started Journal Service.
[[0;32m  OK  [0m] Started Load Kernel Modules.
[[0;32m  OK  [0m] Started LVM2 metadata daemon.
         Mounting FUSE Control File System...
         Starting Apply Kernel Variables...
         Starting Create Static Device Nodes in /dev...
         Starting Load/Save Random Seed...
         Starting Flush Journal to Persistent Storage...
         Starting udev Coldplug all Devices...
[[0;32m  OK  [0m] Mounted FUSE Control File System.
[[0;32m  OK  [0m] Started Apply Kernel Variables.
[[0;32m  OK  [0m] Started Load/Save Random Seed.
[[0;32m  OK  [0m] Started Flush Journal to Persistent Storage.
[[0;32m  OK  [0m] Started Create Static Device Nodes in /dev.
         Starting udev Kernel Device Manager...
[[0;32m  OK  [0m] Started udev Coldplug all Devices.
[[0;32m  OK  [0m] Started udev Kernel Device Manager.
[[0;32m  OK  [0m] Started Dispatch Password Requests to Console Directory Watch.
[[0;32m  OK  [0m] Found device /dev/ttyS0.
[[0;32m  OK  [0m] Listening on Load/Save RF Kill Switch Status /dev/rfkill Watch.
[[0;32m  OK  [0m] Started Monitoring of LVM2 mirrors,...ng dmeventd or progress polling.
[[0;32m  OK  [0m] Reached target Local File Systems (Pre).
[[0;32m  OK  [0m] Reached target Local File Systems.
         Starting Create Volatile Files and Directories...
         Starting LSB: AppArmor initialization...
         Starting Initial cloud-init job (pre-networking)...
         Starting Tell Plymouth To Write Out Runtime Data...
         Starting Commit a transient machine-id on disk...
         Starting Set console font and keymap...
[[0;32m  OK  [0m] Started Create Volatile Files and Directories.
[[0;32m  OK  [0m] Started Tell Plymouth To Write Out Runtime Data.
         Starting Update UTMP about System Boot/Shutdown...
[[0;32m  OK  [0m] Started Commit a transient machine-id on disk.
[[0;32m  OK  [0m] Started Update UTMP about System Boot/Shutdown.
[[0;32m  OK  [0m] Started Set console font and keymap.
[[0;32m  OK  [0m] Created slice system-getty.slice.
[[0;32m  OK  [0m] Started LSB: AppArmor initialization.
[    6.212348] cloud-init[622]: Cloud-init v. 19.4-33-gbb4131a2-0ubuntu1~16.04.1 running 'init-local' at Sun, 15 Mar 2020 19:17:06 +0000. Up 5.92 seconds.
[[0;32m  OK  [0m] Started Initial cloud-init job (pre-networking).
[[0;32m  OK  [0m] Reached target Network (Pre).
         Starting Raise network interfaces...
[[0;32m  OK  [0m] Started Raise network interfaces.
[[0;32m  OK  [0m] Reached target Network.
         Starting Initial cloud-init job (metadata service crawler)...
[    7.072445] cloud-init[956]: Cloud-init v. 19.4-33-gbb4131a2-0ubuntu1~16.04.1 running 'init' at Sun, 15 Mar 2020 19:17:07 +0000. Up 6.64 seconds.
[    7.080447] cloud-init[956]: ci-info: ++++++++++++++++++++++++++++++++++++++Net device info++++++++++++++++++++++++++++++++++++++
[    7.082086] cloud-init[956]: ci-info: +--------+-------+---------------------------+---------------+--------+-------------------+
[    7.083593] cloud-init[956]: ci-info: | Device |   Up  |          Address          |      Mask     | Scope  |     Hw-Address    |
[    7.085520] cloud-init[956]: ci-info: +--------+-------+---------------------------+---------------+--------+-------------------+
[    7.087589] cloud-init[956]: ci-info: | enp0s3 |  True |         10.0.2.15         | 255.255.255.0 | global | 02:8b:bd:82:0d:ad |
[    7.097773] cloud-init[956]: ci-info: | enp0s3 |  True | fe80::8b:bdff:fe82:dad/64 |       .       |  link  | 02:8b:bd:82:0d:ad |
[    7.099243] cloud-init[956]: ci-info: | enp0s8 | False |             .             |       .       |   .    | 08:00:27:61:62:6e |
[    7.100988] cloud-init[956]: ci-info: |   lo   |  True |         127.0.0.1         |   255.0.0.0   |  host  |         .         |
[    7.102728] cloud-init[956]: ci-info: |   lo   |  True |          ::1/128          |       .       |  host  |         .         |
[    7.104640] cloud-init[956]: ci-info: +--------+-------+---------------------------+---------------+--------+-------------------+
[    7.106505] [[0;32m  OK  [0m] Started Initial cloud-init job (metadata service crawler).
[[0;32m  OK  [0m] Reached target Cloud-config availability.
[[0;32m  OK  [0m] Reached target System Initialization.
cloud-init[956]: ci-info: +++++++++++++++++++++++++++Route IPv4 info++++++++++++++++++++++++++++
[    7.109990]          Starting Socket activation for snappy daemon.
[[0;32m  OK  [0m] Started Message of the Day.
cloud-init[956]: ci-info: +-------+-------------+----------+---------------+-----------+-------+[[0;32m  OK  [0m] Started ACPI Events Check.

[[0;32m  OK  [0m] Reached target Paths.
[    7.113277] [[0;32m  OK  [0m] Listening on D-Bus System Message Bus Socket.
[[0;32m  OK  [0m] Listening on UUID daemon activation socket.
[[0;32m  OK  [0m] Started Daily Cleanup of Temporary Directories.
cloud-init[956]: ci-info: | Route | Destination | Gateway  |    Genmask    | Interface | Flags |
[    7.116915]          Starting LXD - unix socket.
cloud-init[956]: ci-info: +-------+-------------+----------+---------------+-----------+-------+[
[0;32m  OK  [0m] Started Daily apt download activities.
[    7.119168] [[0;32m  OK  [0m] Started Daily apt upgrade and clean activities.
[[0;32m  OK  [0m] Reached target Timers.
cloud-init[956]: ci-info: |   0   |   0.0.0.0   | 10.0.2.2 |    0.0.0.0    |   enp0s3  |   UG  |
[    7.121620] [[0;32m  OK  [0m] Listening on ACPID Listen Socket.
[[0;32m  OK  [0m] Reached target Network is Online.
cloud-init[956]: ci-info: |   1   |   10.0.2.0  | 0.0.0.0  | 255.255.255.0 |   enp0s3  |   U   |
[    7.124253] cloud-init[956]: ci-info: +-------+-------------+----------+---------------+-----------+-------+
[    7.125662] cloud-init[956]: ci-info: +++++++++++++++++++Route IPv6 info+++++++++++++++++++
[    7.126987] cloud-init[956]: ci-info: +-------+-------------+---------+-----------+-------+
[    7.128304] cloud-init[956]: ci-info: | Route | Destination | Gateway | Interface | Flags |
[    7.129441] cloud-init[956]: ci-info: +-------+-------------+---------+-----------+-------+
[    7.130745] cloud-init[956]: ci-info: |   0   |  fe80::/64  |    ::   |   enp0s3  |   U   |
         Starting iSCSI initiator daemon (iscsid)...
[[0;32m  OK  [0m] Listening on Socket activation for snappy daemon.
[[0;32m  OK  [0m] Listening on LXD - unix socket.
[    7.132935] cloud-init[956]: ci-info: |   3   |   ff00::/8  |    ::   |   enp0s3  |   U   |
[    7.136012] cloud-init[956]: ci-info: +-------+-------------+---------+-----------+-------+
[[0;32m  OK  [0m] Reached target Sockets.
[[0;32m  OK  [0m] Reached target Basic System.
[    7.140354]          Starting LSB: Record successful boot for GRUB...
[[0;32m  OK  [0m] Started FUSE filesystem for LXC.
cloud-init[956]: Generating public/private rsa key pair.
[    7.147404] [[0;32m  OK  [0m] Started Regular background program processing daemon.
         Starting System Logging Service...
         Starting Virtualbox guest utils...
         Starting /etc/rc.local Compatibility...
         Starting Pollinate to seed the pseudo random number generator...
         Starting LSB: MD monitoring daemon...
[[0;32m  OK  [0m] Started D-Bus System Message Bus.
cloud-init[956]: Your identification has been saved in /etc/ssh/ssh_host_rsa_key.
[    7.161682] cloud-init[956]: Your public key has been saved in /etc/ssh/ssh_host_rsa_key.pub.
[    7.163956] cloud-init[956]: The key fingerprint is:
[    7.165443] cloud-init[956]: SHA256:lbntsAaspA2OFzMvlbpahNqDovUGCOuzOA1Uk+LgQ2k root@ubuntu-xenial
[    7.167587] cloud-init[956]: The key's randomart image is:
[    7.171980] cloud-init[956]: +---[RSA 2048]----+
[    7.175155] cloud-init[956]: |  . .            |
[    7.176779] cloud-init[956]: |.E +       o     |
[    7.178302] cloud-init[956]: |* o .     +      |
[    7.179831] cloud-init[956]: |.= .   o . o     |
[    7.181120] cloud-init[956]: |ooo * + S o .    |
[    7.183032] cloud-init[956]: |++.+ % . . +     |
[    7.184261] cloud-init[956]: |=o=.B +   o .    |
[    7.185198] cloud-init[956]: |=+.=.o   .       |
[    7.186027] cloud-init[956]: |oo+oo            |
[    7.187017] cloud-init[956]: +----[SHA256]-----+
[    7.187952] cloud-init[956]: Generating public/private dsa key pair.
[    7.189105] cloud-init[956]: Your identification has been saved in /etc/ssh/ssh_host_dsa_key.
[    7.190490] cloud-init[956]: Your public key has been saved in /etc/ssh/ssh_host_dsa_key.pub.
[    7.191962] cloud-init[956]: The key fingerprint is:
[    7.193016] cloud-init[956]: SHA256:hK5DwcO+ygrhe6Ms2rHlZGkBEsiiu2bNZHOtqo6OhUA root@ubuntu-xenial
[    7.194450] cloud-init[956]: The key's randomart image is:
[    7.195397] cloud-init[956]: +---[DSA 1024]----+
[    7.196628] cloud-init[956]: |+                |
[    7.197759] cloud-init[956]: |oo o   .         |
[    7.198901] cloud-init[956]: |+E. = . .        |
[    7.199718] cloud-init[956]: |o. o + .         |
[    7.200664] [[0;32m  OK  [0m] Started ACPI event daemon.
cloud-init[956]: |o.  + o S        |
[    7.208280] cloud-init[956]:          Starting Accounts Service...
|+o = * .         |[[0;32m  OK  [0m] Started Deferred execution scheduler.

         Starting LXD - container startup/shutdown...
         Starting Login Service...
[    7.213471]          Starting Snappy daemon...
cloud-init[956]: |ooB % .          |[[0;32m  OK  [0m] Started System Logging Service.

[    7.217571] cloud-init[956]: |B*.# o           |[[0;32m  OK  [0m] Started /etc/rc.local Compatibility.

[    7.222186] cloud-init[956]: |%OO.+            |[[0;32m  OK  [0m] Started iSCSI initiator daemon (iscsid).

[    7.226176] cloud-init[956]: +----[SHA256]-----+
[    7.227297] cloud-init[956]: Generating public/private ecdsa key pair.
[    7.228591] cloud-init[956]: Your identification has been saved in /etc/ssh/ssh_host_ecdsa_key.         Starting Login to default iSCSI targets...

[    7.236926] cloud-init[956]: Your public key has been saved in /etc/ssh/ssh_host_ecdsa_key.pub.[[0;32m  OK  [0m] Started LSB: Record successful boot for GRUB.
[[0;32m  OK  [0m] Started Login Service.
[[0;32m  OK  [0m] Started Unattended Upgrades Shutdown.

[[0;32m  OK  [0m] Started Login to default iSCSI targets.
[[0;32m  OK  [0m] Reached target Remote File Systems (Pre).
[[0;32m  OK  [0m] Reached target Remote File Systems.
         Starting LSB: daemon to balance interrupts for SMP systems...
         Starting LSB: automatic crash report generation...
         Starting LSB: Set the CPU Frequency Scaling governor to "ondemand"...
[    7.258607] cloud-init[956]: The key fingerprint is:
[    7.277349] cloud-init[956]: SHA256:ujudtt9oAti6av9n23j6WWIt1Q7PPuQLjKkdoSunQTY root@ubuntu-xenial
[    7.280261] cloud-init[956]: The key's randomart image is:
[    7.281190] cloud-init[956]: +---[ECDSA 256]---+
[    7.282324] cloud-init[956]: |                 |
[    7.286491]          Starting Permit User Sessions...
cloud-init[[0;32m  OK  [0m] Started LSB: MD monitoring daemon.
[956]: |                 |
[    7.292615] cloud-init[956]: |                 |[[0;32m  OK  [0m] Started Permit User Sessions.

         Starting Hold until boot process finishes up...
         Starting Terminate Plymouth Boot Screen...
[    7.305661] [[0;32m  OK  [0m] Started Hold until boot process finishes up.
[[0;32m  OK  [0m] Started Getty on tty1.
[[0;32m  OK  [0m] Started Serial Getty on ttyS0.
[[0;32m  OK  [0m] Reached target Login Prompts.
         Starting Set console scheme...
[[0;32m  OK  [0m] Started LSB: daemon to balance interrupts for SMP systems.
[[0;32m  OK  [0m] Started Terminate Plymouth Boot Screen.
cloud-init[956]: |             .   |
[[0;32m  OK  [0m] Started Set console scheme.
[    7.320026] cloud-init[956]: |     oE S . o .  |
[    7.325048] cloud-init[956]: |    .ooo . B =.  |
[    7.332194] cloud-init[956]: |     .oo..B =o+  |
[    7.336185] cloud-init[956]: |  . . ooOBoO oo  |
[    7.337821] cloud-init[956]: | ..ooo=XBXB . oo |
[    7.339508] cloud-init[956]: +----[SHA256]-----+
[    7.346624] cloud-init[956]: Generating public/private ed25519 key pair.
[    7.352838] [[0;32m  OK  [0m] Started LSB: Set the CPU Frequency Scaling governor to "ondemand".
cloud-init[956]: Your identification has been saved in /etc/ssh/ssh_host_ed25519_key.
[    7.370770] cloud-init         Starting Authenticate and Authorize Users to Run Privileged Tasks...
[956]: Your public key has been saved in /etc/ssh/ssh_host_ed25519_key.pub.
[[0;32m  OK  [0m] Started LSB: automatic crash report generation.
[    7.377495] cloud-init[956]: The key fingerprint is:
[    7.380197] cloud-init[956]: SHA256:Qmlle4MiLOfvWD9rSJGHBIh+foxxc7qxl0yLRknN+G0 root@ubuntu-xenial
[    7.382386] cloud-init[956]: [[0;32m  OK  [0m] Started LXD - container startup/shutdown.
The key's randomart image is:
[    7.386249] cloud-init[956]: +--[ED25519 256]--+
[    7.389544] cloud-init[956]: | . ...  o        |
[    7.392413] cloud-init[956]: |. ..  .+ o       |
[    7.393900] cloud-init[956]: |. . +.Ooo o      |
[    7.398020] cloud-init[956]: | . * O+=.. .     |
[[0;32m  OK  [0m] Started Virtualbox guest utils.
[    7.401982] cloud-init[956]: |  o B BoS        |
[    7.404695] [[0;32m  OK  [0m] Started Authenticate and Authorize Users to Run Privileged Tasks.
cloud-init[956]: |   o O.+ E       |[[0;32m  OK  [0m] Started Accounts Service.

[    7.410406] cloud-init[956]: |    o.X.+        |
[    7.412923] cloud-init[956]: |     O.*o        |
[    7.414744] cloud-init[956]: |    o o.oo       |
[    7.417986] cloud-init[956]: +----[SHA256]-----+
[[0;32m  OK  [0m] Started Snappy daemon.
         Starting Wait until snapd is fully seeded...
[[0;32m  OK  [0m] Started Pollinate to seed the pseudo random number generator.
         Starting OpenBSD Secure Shell server...
[[0;32m  OK  [0m] Started OpenBSD Secure Shell server.
[[0;32m  OK  [0m] Created slice User Slice of vagrant.
         Starting User Manager for UID 1000...
[[0;32m  OK  [0m] Started Session 1 of user vagrant.
[[0;32m  OK  [0m] Started User Manager for UID 1000.

Ubuntu 16.04.6 LTS ubuntu-xenial ttyS0

ubuntu-xenial login: [   16.202905] cloud-init[1880]: Generating locales (this might take a while)...
[   16.774805] cloud-init[1880]:   en_US.UTF-8... done
[   16.775355] cloud-init[1880]: Generation complete.
[   16.995222] cloud-init[1880]: Cloud-init v. 19.4-33-gbb4131a2-0ubuntu1~16.04.1 running 'modules:config' at Sun, 15 Mar 2020 19:17:16 +0000. Up 16.13 seconds.
ci-info: no authorized SSH keys fingerprints found for user ubuntu.
<14>Mar 15 19:17:18 ec2: 
<14>Mar 15 19:17:18 ec2: #############################################################
<14>Mar 15 19:17:18 ec2: -----BEGIN SSH HOST KEY FINGERPRINTS-----
<14>Mar 15 19:17:18 ec2: 1024 SHA256:hK5DwcO+ygrhe6Ms2rHlZGkBEsiiu2bNZHOtqo6OhUA root@ubuntu-xenial (DSA)
<14>Mar 15 19:17:18 ec2: 256 SHA256:ujudtt9oAti6av9n23j6WWIt1Q7PPuQLjKkdoSunQTY root@ubuntu-xenial (ECDSA)
<14>Mar 15 19:17:18 ec2: 256 SHA256:Qmlle4MiLOfvWD9rSJGHBIh+foxxc7qxl0yLRknN+G0 root@ubuntu-xenial (ED25519)
<14>Mar 15 19:17:18 ec2: 2048 SHA256:lbntsAaspA2OFzMvlbpahNqDovUGCOuzOA1Uk+LgQ2k root@ubuntu-xenial (RSA)
<14>Mar 15 19:17:18 ec2: -----END SSH HOST KEY FINGERPRINTS-----
<14>Mar 15 19:17:18 ec2: #############################################################
-----BEGIN SSH HOST KEY KEYS-----
ecdsa-sha2-nistp256 AAAAE2VjZHNhLXNoYTItbmlzdHAyNTYAAAAIbmlzdHAyNTYAAABBBMAINl8FwhM1ApUnoz+YNiTLbByCynrN64FQqzc75HdrG3t/ELZmzLYQBvH3Wh3Wy6Ky6O5JK0VpVtouHtJgHDw= root@ubuntu-xenial
ssh-ed25519 AAAAC3NzaC1lZDI1NTE5AAAAICRVu4eHrlJ5JsC76eede+L6jb2fqv+Qh2ZbfimKBn4+ root@ubuntu-xenial
ssh-rsa AAAAB3NzaC1yc2EAAAADAQABAAABAQC1J9xWRZkbDM6h5SbgpuXjXhmYTDnLQsBf3RY2fOLoErrOsM9dOwwun+4r3P90DGuQCAO5JL1jGW+V/OgcXCMzGql5s3IM9LCELaOZ2bazdaFlLTlnSvHAW/YAf6oBsl5TejP/nMvhnME02d5Mr3xFYyz9lWpB+C9FqPqS62r0sEQI635yMTPkVEcO5Ch59DUhbZLKULsM0DOLeCbOMg9Q9fa/Nn60GXDMy+VcQvpzkQKHezLlX/L9vxck0A6Vm8O5EF0xGj9j5ffmeGlhj35hhlBRxAbgFSoWsjEdHDWYuY/WaDQAkWUhkZp/JX/RmglC2a3KhiNB2MbJMPLfSjW7 root@ubuntu-xenial
-----END SSH HOST KEY KEYS-----
[   17.345965] cloud-init[1968]: Cloud-init v. 19.4-33-gbb4131a2-0ubuntu1~16.04.1 running 'modules:final' at Sun, 15 Mar 2020 19:17:18 +0000. Up 17.24 seconds.
[   17.347806] cloud-init[1968]: ci-info: no authorized SSH keys fingerprints found for user ubuntu.
[   17.349235] cloud-init[1968]: Cloud-init v. 19.4-33-gbb4131a2-0ubuntu1~16.04.1 finished at Sun, 15 Mar 2020 19:17:18 +0000. Datasource DataSourceNoCloud [seed=/dev/sdb][dsmode=net].  Up 17.33 seconds
